// Jest Snapshot v1, https://goo.gl/fbAQLP

exports[`should render basic checkbox correctly 1`] = `<label class="c-checkbox"><input type="checkbox"><span class="c-checkbox__box"></span><span class="c-checkbox__label"></span></label>`;

exports[`should render checkbox group correctly 1`] = `
<div class="c-checkbox-group"><label class="c-checkbox"><input type="checkbox"><span class="c-checkbox__box"></span><span class="c-checkbox__label">选项1</span></label><label class="c-checkbox"><input type="checkbox"><span class="c-checkbox__box"></span><span class="c-checkbox__label">选项2</span></label><label class="c-checkbox"><input type="checkbox" disabled="disabled"><span class="c-checkbox__box"></span><span class="c-checkbox__label">选项3</span></label><label class="c-checkbox"><input type="checkbox" disabled="disabled"><span class="c-checkbox__box"></span><span class="c-checkbox__label">选项3</span></label>
  <!---->
</div>
`;

exports[`should render checkbox group with custom children 1`] = `
<div class="c-checkbox-group"><label class="c-checkbox"><input type="checkbox"><span class="c-checkbox__box"></span><span class="c-checkbox__label">选项1</span></label><label class="c-checkbox"><input type="checkbox"><span class="c-checkbox__box"></span><span class="c-checkbox__label">选项2</span></label><label class="c-checkbox"><input type="checkbox"><span class="c-checkbox__box"></span><span class="c-checkbox__label">选项3</span></label>
  <!---->
</div>
`;

exports[`should render indeterminate state 1`] = `
<div><label class="c-checkbox"><input type="checkbox"><span class="c-checkbox__box"></span><span class="c-checkbox__label">全部选中</span></label> <br>
  <div class="c-checkbox-group"><label class="c-checkbox"><input type="checkbox"><span class="c-checkbox__box"></span><span class="c-checkbox__label">Node</span></label><label class="c-checkbox"><input type="checkbox"><span class="c-checkbox__box"></span><span class="c-checkbox__label">Nginx</span></label><label class="c-checkbox"><input type="checkbox"><span class="c-checkbox__box"></span><span class="c-checkbox__label">Vue</span></label>
    <!---->
  </div>
  <p>你选择了 [
    "Node"
    ]</p>
</div>
`;

exports[`should works with validation 1`] = `<div class="c-checkbox-group"><label class="c-checkbox"><input type="checkbox"><span class="c-checkbox__box"></span><span class="c-checkbox__label">香蕉</span></label><label class="c-checkbox"><input type="checkbox"><span class="c-checkbox__box"></span><span class="c-checkbox__label">苹果</span></label><label class="c-checkbox"><input type="checkbox"><span class="c-checkbox__box"></span><span class="c-checkbox__label">梨</span></label><label class="c-checkbox"><input type="checkbox"><span class="c-checkbox__box"></span><span class="c-checkbox__label">芒果</span></label><label class="c-checkbox"><input type="checkbox"><span class="c-checkbox__box"></span><span class="c-checkbox__label">木瓜</span></label><label class="c-checkbox"><input type="checkbox"><span class="c-checkbox__box"></span><span class="c-checkbox__label">榴莲</span></label><em class="c-error-msg">最多可以选择4项</em></div>`;
